../Core/Src/main.c:29:5:main	24	static
../Core/Src/main.c:77:6:SystemClock_Config	88	static
../Core/Src/main.c:112:13:MX_USART1_UART_Init	8	static
../Core/Src/main.c:126:13:MX_USART2_UART_Init	8	static
../Core/Src/main.c:140:13:MX_GPIO_Init	48	static
../Core/Src/main.c:167:6:MX_DMA_Init	16	static
../Core/Src/main.c:174:13:MX_ADC1_Init	24	static
../Core/Src/main.c:205:6:HAL_ADC_ConvCpltCallback	16	static
../Core/Src/main.c:211:13:PLC_Init	8	static
../Core/Src/main.c:219:6:Error_Handler	4	static,ignoring_inline_asm
